
> cyberwhale-backend@0.1.0 build
> tsc -p tsconfig.json

src/index.ts(488,1): error TS1127: Invalid character.
src/index.ts(488,3): error TS1127: Invalid character.
src/index.ts(488,5): error TS1127: Invalid character.
src/index.ts(488,7): error TS1127: Invalid character.
src/index.ts(488,9): error TS1127: Invalid character.
src/index.ts(488,11): error TS1127: Invalid character.
src/index.ts(488,13): error TS1127: Invalid character.
src/index.ts(488,15): error TS1127: Invalid character.
src/index.ts(488,17): error TS1127: Invalid character.
src/index.ts(488,19): error TS1127: Invalid character.
src/index.ts(488,21): error TS1127: Invalid character.
src/index.ts(488,23): error TS1127: Invalid character.
src/index.ts(488,25): error TS1127: Invalid character.
src/index.ts(488,27): error TS1127: Invalid character.
src/index.ts(488,29): error TS1127: Invalid character.
src/index.ts(488,31): error TS1127: Invalid character.
src/index.ts(488,33): error TS1127: Invalid character.
src/index.ts(488,35): error TS1127: Invalid character.
src/index.ts(488,37): error TS1127: Invalid character.
src/index.ts(488,39): error TS1127: Invalid character.
src/index.ts(488,41): error TS1127: Invalid character.
src/index.ts(488,43): error TS1127: Invalid character.
src/index.ts(488,45): error TS1127: Invalid character.
src/index.ts(488,47): error TS1127: Invalid character.
src/index.ts(488,49): error TS1127: Invalid character.
src/index.ts(488,51): error TS1127: Invalid character.
src/index.ts(488,53): error TS1127: Invalid character.
src/index.ts(488,99): error TS1127: Invalid character.
src/index.ts(488,101): error TS1127: Invalid character.
src/index.ts(489,1): error TS1127: Invalid character.
src/index.ts(489,3): error TS1127: Invalid character.
src/index.ts(489,5): error TS1127: Invalid character.
src/index.ts(489,7): error TS1127: Invalid character.
src/index.ts(489,8): error TS1128: Declaration or statement expected.
src/index.ts(489,9): error TS1127: Invalid character.
src/index.ts(489,11): error TS1127: Invalid character.
src/index.ts(489,13): error TS1127: Invalid character.
src/index.ts(489,15): error TS1127: Invalid character.
src/index.ts(489,17): error TS1127: Invalid character.
src/index.ts(489,19): error TS1127: Invalid character.
src/index.ts(489,47): error TS1127: Invalid character.
src/index.ts(489,48): error TS1128: Declaration or statement expected.
src/index.ts(489,49): error TS1127: Invalid character.
src/index.ts(489,51): error TS1127: Invalid character.
src/index.ts(489,53): error TS1127: Invalid character.
src/index.ts(489,55): error TS1127: Invalid character.
src/index.ts(489,57): error TS1127: Invalid character.
src/index.ts(489,59): error TS1127: Invalid character.
src/index.ts(489,61): error TS1127: Invalid character.
src/index.ts(489,63): error TS1127: Invalid character.
src/index.ts(489,65): error TS1127: Invalid character.
src/index.ts(489,67): error TS1127: Invalid character.
src/index.ts(489,69): error TS1127: Invalid character.
src/index.ts(489,71): error TS1127: Invalid character.
src/index.ts(489,73): error TS1127: Invalid character.
src/index.ts(489,75): error TS1127: Invalid character.
src/index.ts(489,77): error TS1127: Invalid character.
src/index.ts(489,79): error TS1127: Invalid character.
src/index.ts(489,80): error TS1128: Declaration or statement expected.
src/index.ts(489,81): error TS1127: Invalid character.
src/index.ts(489,83): error TS1127: Invalid character.
src/index.ts(489,85): error TS1127: Invalid character.
src/index.ts(489,87): error TS1127: Invalid character.
src/index.ts(489,89): error TS1127: Invalid character.
src/index.ts(489,91): error TS1127: Invalid character.
src/index.ts(489,93): error TS1127: Invalid character.
src/index.ts(489,95): error TS1127: Invalid character.
src/index.ts(489,97): error TS1127: Invalid character.
src/index.ts(489,99): error TS1127: Invalid character.
src/index.ts(489,101): error TS1127: Invalid character.
src/index.ts(489,103): error TS1127: Invalid character.
src/index.ts(489,104): error TS1128: Declaration or statement expected.
src/index.ts(489,105): error TS1127: Invalid character.
src/index.ts(489,107): error TS1127: Invalid character.
src/index.ts(489,109): error TS1127: Invalid character.
src/index.ts(489,111): error TS1127: Invalid character.
src/index.ts(489,113): error TS1127: Invalid character.
src/index.ts(489,114): error TS1128: Declaration or statement expected.
src/index.ts(489,115): error TS1127: Invalid character.
src/index.ts(489,117): error TS1127: Invalid character.
src/index.ts(489,119): error TS1127: Invalid character.
src/index.ts(489,121): error TS1127: Invalid character.
src/index.ts(489,123): error TS1127: Invalid character.
src/index.ts(489,124): error TS1128: Declaration or statement expected.
src/index.ts(489,125): error TS1127: Invalid character.
src/index.ts(489,127): error TS1127: Invalid character.
src/index.ts(489,129): error TS1127: Invalid character.
src/index.ts(489,131): error TS1127: Invalid character.
src/index.ts(489,133): error TS1127: Invalid character.
src/index.ts(489,134): error TS1128: Declaration or statement expected.
src/index.ts(489,135): error TS1127: Invalid character.
src/index.ts(489,137): error TS1127: Invalid character.
src/index.ts(489,138): error TS1128: Declaration or statement expected.
src/index.ts(489,139): error TS1127: Invalid character.
src/index.ts(489,140): error TS1109: Expression expected.
src/index.ts(489,141): error TS1127: Invalid character.
src/index.ts(489,143): error TS1127: Invalid character.
src/index.ts(489,145): error TS1127: Invalid character.
src/index.ts(490,1): error TS1127: Invalid character.
src/index.ts(490,3): error TS1127: Invalid character.
src/index.ts(490,5): error TS1127: Invalid character.
src/index.ts(490,7): error TS1127: Invalid character.
src/index.ts(490,9): error TS1127: Invalid character.
src/index.ts(490,11): error TS1127: Invalid character.
src/index.ts(490,13): error TS1127: Invalid character.
src/index.ts(490,15): error TS1127: Invalid character.
src/index.ts(490,17): error TS1127: Invalid character.
src/index.ts(490,19): error TS1127: Invalid character.
src/index.ts(491,1): error TS1127: Invalid character.
src/index.ts(491,3): error TS1127: Invalid character.
src/index.ts(491,5): error TS1127: Invalid character.
src/index.ts(491,7): error TS1127: Invalid character.
src/index.ts(491,9): error TS1127: Invalid character.
src/index.ts(491,11): error TS1127: Invalid character.
src/index.ts(491,13): error TS1127: Invalid character.
src/index.ts(491,15): error TS1127: Invalid character.
src/index.ts(491,17): error TS1127: Invalid character.
src/index.ts(491,19): error TS1127: Invalid character.
src/index.ts(491,21): error TS1127: Invalid character.
src/index.ts(491,23): error TS1127: Invalid character.
src/index.ts(491,25): error TS1127: Invalid character.
src/index.ts(491,27): error TS1127: Invalid character.
src/index.ts(491,29): error TS1127: Invalid character.
src/index.ts(491,31): error TS1127: Invalid character.
src/index.ts(491,33): error TS1127: Invalid character.
src/index.ts(491,35): error TS1127: Invalid character.
src/index.ts(491,37): error TS1127: Invalid character.
src/index.ts(491,39): error TS1127: Invalid character.
src/index.ts(491,41): error TS1127: Invalid character.
src/index.ts(491,43): error TS1127: Invalid character.
src/index.ts(491,45): error TS1127: Invalid character.
src/index.ts(491,47): error TS1127: Invalid character.
src/index.ts(491,49): error TS1127: Invalid character.
src/index.ts(491,51): error TS1127: Invalid character.
src/index.ts(491,53): error TS1127: Invalid character.
src/index.ts(491,55): error TS1127: Invalid character.
src/index.ts(491,56): error TS1128: Declaration or statement expected.
src/index.ts(491,57): error TS1127: Invalid character.
src/index.ts(491,59): error TS1127: Invalid character.
src/index.ts(491,61): error TS1127: Invalid character.
src/index.ts(491,63): error TS1127: Invalid character.
src/index.ts(491,65): error TS1127: Invalid character.
src/index.ts(491,66): error TS1128: Declaration or statement expected.
src/index.ts(491,67): error TS1127: Invalid character.
src/index.ts(491,69): error TS1127: Invalid character.
src/index.ts(491,71): error TS1127: Invalid character.
src/index.ts(491,73): error TS1127: Invalid character.
src/index.ts(491,75): error TS1127: Invalid character.
src/index.ts(491,77): error TS1127: Invalid character.
src/index.ts(492,1): error TS1127: Invalid character.
src/index.ts(492,3): error TS1127: Invalid character.
src/index.ts(492,5): error TS1127: Invalid character.
src/index.ts(492,7): error TS1127: Invalid character.
src/index.ts(492,9): error TS1127: Invalid character.
src/index.ts(492,11): error TS1127: Invalid character.
src/index.ts(492,13): error TS1127: Invalid character.
src/index.ts(492,15): error TS1127: Invalid character.
src/index.ts(492,17): error TS1127: Invalid character.
src/index.ts(492,19): error TS1127: Invalid character.
src/index.ts(492,21): error TS1127: Invalid character.
src/index.ts(492,23): error TS1127: Invalid character.
src/index.ts(492,25): error TS1127: Invalid character.
src/index.ts(492,27): error TS1127: Invalid character.
src/index.ts(492,29): error TS1127: Invalid character.
src/index.ts(492,31): error TS1127: Invalid character.
src/index.ts(492,33): error TS1127: Invalid character.
src/index.ts(492,35): error TS1127: Invalid character.
src/index.ts(492,37): error TS1127: Invalid character.
src/index.ts(492,39): error TS1127: Invalid character.
src/index.ts(492,41): error TS1127: Invalid character.
src/index.ts(492,43): error TS1127: Invalid character.
src/index.ts(492,45): error TS1127: Invalid character.
src/index.ts(492,46): error TS1109: Expression expected.
src/index.ts(492,47): error TS1127: Invalid character.
src/index.ts(492,48): error TS1109: Expression expected.
src/index.ts(492,49): error TS1127: Invalid character.
src/index.ts(492,51): error TS1127: Invalid character.
src/index.ts(492,53): error TS1127: Invalid character.
src/index.ts(492,55): error TS1127: Invalid character.
src/index.ts(492,57): error TS1127: Invalid character.
src/index.ts(492,59): error TS1127: Invalid character.
src/index.ts(492,61): error TS1127: Invalid character.
src/index.ts(492,63): error TS1127: Invalid character.
src/index.ts(492,64): error TS1128: Declaration or statement expected.
src/index.ts(492,65): error TS1127: Invalid character.
src/index.ts(492,67): error TS1127: Invalid character.
src/index.ts(492,69): error TS1127: Invalid character.
src/index.ts(492,71): error TS1127: Invalid character.
src/index.ts(492,73): error TS1127: Invalid character.
src/index.ts(492,75): error TS1127: Invalid character.
src/index.ts(492,77): error TS1127: Invalid character.
src/index.ts(492,79): error TS1127: Invalid character.
src/index.ts(492,81): error TS1127: Invalid character.
src/index.ts(492,83): error TS1127: Invalid character.
src/index.ts(492,85): error TS1127: Invalid character.
src/index.ts(492,87): error TS1127: Invalid character.
src/index.ts(492,89): error TS1127: Invalid character.
src/index.ts(492,91): error TS1127: Invalid character.
src/index.ts(492,93): error TS1127: Invalid character.
src/index.ts(492,95): error TS1127: Invalid character.
src/index.ts(492,97): error TS1127: Invalid character.
src/index.ts(492,98): error TS1128: Declaration or statement expected.
src/index.ts(492,99): error TS1127: Invalid character.
src/index.ts(492,100): error TS1128: Declaration or statement expected.
src/index.ts(492,101): error TS1127: Invalid character.
src/index.ts(492,103): error TS1127: Invalid character.
src/index.ts(492,105): error TS1127: Invalid character.
src/index.ts(493,1): error TS1127: Invalid character.
src/index.ts(493,3): error TS1127: Invalid character.
src/index.ts(493,5): error TS1127: Invalid character.
src/index.ts(493,7): error TS1127: Invalid character.
src/index.ts(493,9): error TS1127: Invalid character.
src/index.ts(493,11): error TS1127: Invalid character.
src/index.ts(493,13): error TS1127: Invalid character.
src/index.ts(493,15): error TS1127: Invalid character.
src/index.ts(493,17): error TS1127: Invalid character.
src/index.ts(493,19): error TS1127: Invalid character.
src/index.ts(493,21): error TS1127: Invalid character.
src/index.ts(493,23): error TS1127: Invalid character.
src/index.ts(493,25): error TS1127: Invalid character.
src/index.ts(493,27): error TS1127: Invalid character.
src/index.ts(493,29): error TS1127: Invalid character.
src/index.ts(493,31): error TS1127: Invalid character.
src/index.ts(493,33): error TS1127: Invalid character.
src/index.ts(493,35): error TS1127: Invalid character.
src/index.ts(493,37): error TS1127: Invalid character.
src/index.ts(493,39): error TS1127: Invalid character.
src/index.ts(493,41): error TS1127: Invalid character.
src/index.ts(493,43): error TS1127: Invalid character.
src/index.ts(493,45): error TS1127: Invalid character.
src/index.ts(493,46): error TS1128: Declaration or statement expected.
src/index.ts(493,47): error TS1127: Invalid character.
src/index.ts(493,49): error TS1127: Invalid character.
src/index.ts(493,51): error TS1127: Invalid character.
src/index.ts(493,53): error TS1127: Invalid character.
src/index.ts(493,55): error TS1127: Invalid character.
src/index.ts(493,57): error TS1127: Invalid character.
src/index.ts(493,59): error TS1127: Invalid character.
src/index.ts(493,61): error TS1127: Invalid character.
src/index.ts(493,63): error TS1127: Invalid character.
src/index.ts(493,65): error TS1127: Invalid character.
src/index.ts(493,67): error TS1127: Invalid character.
src/index.ts(493,68): error TS1128: Declaration or statement expected.
src/index.ts(493,69): error TS1127: Invalid character.
src/index.ts(493,70): error TS1128: Declaration or statement expected.
src/index.ts(493,71): error TS1127: Invalid character.
src/index.ts(493,73): error TS1127: Invalid character.
src/index.ts(493,75): error TS1127: Invalid character.
src/index.ts(493,77): error TS1127: Invalid character.
src/index.ts(493,79): error TS1127: Invalid character.
src/index.ts(493,81): error TS1127: Invalid character.
src/index.ts(493,83): error TS1127: Invalid character.
src/index.ts(493,85): error TS1127: Invalid character.
src/index.ts(493,87): error TS1127: Invalid character.
src/index.ts(493,89): error TS1127: Invalid character.
src/index.ts(493,91): error TS1127: Invalid character.
src/index.ts(493,93): error TS1127: Invalid character.
src/index.ts(493,95): error TS1127: Invalid character.
src/index.ts(493,96): error TS1128: Declaration or statement expected.
src/index.ts(493,97): error TS1127: Invalid character.
src/index.ts(493,99): error TS1127: Invalid character.
src/index.ts(493,155): error TS1127: Invalid character.
src/index.ts(493,157): error TS1127: Invalid character.
src/index.ts(493,159): error TS1127: Invalid character.
src/index.ts(493,160): error TS1128: Declaration or statement expected.
src/index.ts(493,161): error TS1127: Invalid character.
src/index.ts(493,163): error TS1127: Invalid character.
src/index.ts(494,1): error TS1127: Invalid character.
src/index.ts(494,3): error TS1127: Invalid character.
src/index.ts(494,5): error TS1127: Invalid character.
src/index.ts(494,7): error TS1127: Invalid character.
src/index.ts(494,9): error TS1127: Invalid character.
src/index.ts(494,11): error TS1127: Invalid character.
src/index.ts(494,13): error TS1127: Invalid character.
src/index.ts(494,15): error TS1127: Invalid character.
src/index.ts(494,17): error TS1127: Invalid character.
src/index.ts(494,19): error TS1127: Invalid character.
src/index.ts(495,1): error TS1127: Invalid character.
src/index.ts(495,3): error TS1127: Invalid character.
src/index.ts(495,5): error TS1127: Invalid character.
src/index.ts(495,7): error TS1127: Invalid character.
src/index.ts(495,9): error TS1127: Invalid character.
src/index.ts(495,11): error TS1127: Invalid character.
src/index.ts(495,13): error TS1127: Invalid character.
src/index.ts(495,15): error TS1127: Invalid character.
src/index.ts(495,17): error TS1127: Invalid character.
src/index.ts(495,19): error TS1127: Invalid character.
src/index.ts(495,21): error TS1127: Invalid character.
src/index.ts(495,23): error TS1127: Invalid character.
src/index.ts(495,25): error TS1127: Invalid character.
src/index.ts(495,27): error TS1127: Invalid character.
src/index.ts(495,29): error TS1127: Invalid character.
src/index.ts(495,31): error TS1127: Invalid character.
src/index.ts(495,33): error TS1127: Invalid character.
src/index.ts(495,35): error TS1127: Invalid character.
src/index.ts(495,37): error TS1127: Invalid character.
src/index.ts(495,39): error TS1127: Invalid character.
src/index.ts(495,41): error TS1127: Invalid character.
src/index.ts(495,43): error TS1127: Invalid character.
src/index.ts(495,44): error TS1128: Declaration or statement expected.
src/index.ts(495,45): error TS1127: Invalid character.
src/index.ts(495,47): error TS1127: Invalid character.
src/index.ts(495,49): error TS1127: Invalid character.
src/index.ts(495,51): error TS1127: Invalid character.
src/index.ts(495,53): error TS1127: Invalid character.
src/index.ts(495,55): error TS1127: Invalid character.
src/index.ts(495,57): error TS1127: Invalid character.
src/index.ts(495,59): error TS1127: Invalid character.
src/index.ts(495,61): error TS1127: Invalid character.
src/index.ts(495,63): error TS1127: Invalid character.
src/index.ts(495,65): error TS1127: Invalid character.
src/index.ts(495,67): error TS1127: Invalid character.
src/index.ts(495,69): error TS1127: Invalid character.
src/index.ts(495,71): error TS1127: Invalid character.
src/index.ts(495,73): error TS1127: Invalid character.
src/index.ts(495,75): error TS1127: Invalid character.
src/index.ts(495,77): error TS1127: Invalid character.
src/index.ts(495,78): error TS1128: Declaration or statement expected.
src/index.ts(495,79): error TS1127: Invalid character.
src/index.ts(495,81): error TS1127: Invalid character.
src/index.ts(495,83): error TS1127: Invalid character.
src/index.ts(495,85): error TS1127: Invalid character.
src/index.ts(495,87): error TS1127: Invalid character.
src/index.ts(495,89): error TS1127: Invalid character.
src/index.ts(495,91): error TS1127: Invalid character.
src/index.ts(495,93): error TS1127: Invalid character.
src/index.ts(495,95): error TS1127: Invalid character.
src/index.ts(495,97): error TS1127: Invalid character.
src/index.ts(495,99): error TS1127: Invalid character.
src/index.ts(495,101): error TS1127: Invalid character.
src/index.ts(495,103): error TS1127: Invalid character.
src/index.ts(495,105): error TS1127: Invalid character.
src/index.ts(495,106): error TS1128: Declaration or statement expected.
src/index.ts(495,107): error TS1127: Invalid character.
src/index.ts(495,109): error TS1127: Invalid character.
src/index.ts(496,1): error TS1127: Invalid character.
src/index.ts(496,3): error TS1127: Invalid character.
src/index.ts(496,5): error TS1127: Invalid character.
src/index.ts(496,7): error TS1127: Invalid character.
src/index.ts(496,9): error TS1127: Invalid character.
src/index.ts(496,11): error TS1127: Invalid character.
src/index.ts(496,13): error TS1127: Invalid character.
src/index.ts(496,15): error TS1127: Invalid character.
src/index.ts(496,17): error TS1127: Invalid character.
src/index.ts(496,19): error TS1127: Invalid character.
src/index.ts(496,21): error TS1127: Invalid character.
src/index.ts(496,23): error TS1127: Invalid character.
src/index.ts(496,25): error TS1127: Invalid character.
src/index.ts(496,27): error TS1127: Invalid character.
src/index.ts(496,29): error TS1127: Invalid character.
src/index.ts(496,31): error TS1127: Invalid character.
src/index.ts(496,33): error TS1127: Invalid character.
src/index.ts(496,35): error TS1127: Invalid character.
src/index.ts(496,37): error TS1127: Invalid character.
src/index.ts(496,38): error TS1128: Declaration or statement expected.
src/index.ts(496,39): error TS1127: Invalid character.
src/index.ts(496,41): error TS1127: Invalid character.
src/index.ts(496,43): error TS1127: Invalid character.
src/index.ts(496,45): error TS1127: Invalid character.
src/index.ts(496,47): error TS1127: Invalid character.
src/index.ts(496,49): error TS1127: Invalid character.
src/index.ts(496,51): error TS1127: Invalid character.
src/index.ts(496,53): error TS1127: Invalid character.
src/index.ts(496,55): error TS1127: Invalid character.
src/index.ts(496,57): error TS1127: Invalid character.
src/index.ts(496,59): error TS1127: Invalid character.
src/index.ts(496,61): error TS1127: Invalid character.
src/index.ts(496,63): error TS1127: Invalid character.
src/index.ts(496,65): error TS1127: Invalid character.
src/index.ts(496,67): error TS1127: Invalid character.
src/index.ts(496,69): error TS1127: Invalid character.
src/index.ts(496,70): error TS1128: Declaration or statement expected.
src/index.ts(496,71): error TS1127: Invalid character.
src/index.ts(496,73): error TS1127: Invalid character.
src/index.ts(497,1): error TS1127: Invalid character.
src/index.ts(497,3): error TS1127: Invalid character.
src/index.ts(497,5): error TS1127: Invalid character.
src/index.ts(497,7): error TS1127: Invalid character.
src/index.ts(497,9): error TS1127: Invalid character.
src/index.ts(497,11): error TS1127: Invalid character.
src/index.ts(497,13): error TS1127: Invalid character.
src/index.ts(497,15): error TS1127: Invalid character.
src/index.ts(497,17): error TS1127: Invalid character.
src/index.ts(497,19): error TS1127: Invalid character.
src/index.ts(497,21): error TS1127: Invalid character.
src/index.ts(497,23): error TS1127: Invalid character.
src/index.ts(497,25): error TS1127: Invalid character.
src/index.ts(497,27): error TS1127: Invalid character.
src/index.ts(497,29): error TS1127: Invalid character.
src/index.ts(497,30): error TS1128: Declaration or statement expected.
src/index.ts(497,31): error TS1127: Invalid character.
src/index.ts(497,33): error TS1127: Invalid character.
src/index.ts(497,35): error TS1127: Invalid character.
src/index.ts(497,37): error TS1127: Invalid character.
src/index.ts(497,39): error TS1127: Invalid character.
src/index.ts(497,40): error TS1128: Declaration or statement expected.
src/index.ts(497,41): error TS1127: Invalid character.
src/index.ts(497,43): error TS1127: Invalid character.
src/index.ts(497,45): error TS1127: Invalid character.
src/index.ts(498,1): error TS1127: Invalid character.
src/index.ts(498,3): error TS1127: Invalid character.
src/index.ts(498,5): error TS1127: Invalid character.
src/index.ts(498,7): error TS1127: Invalid character.
src/index.ts(498,9): error TS1127: Invalid character.
src/index.ts(498,11): error TS1127: Invalid character.
src/index.ts(498,13): error TS1127: Invalid character.
src/index.ts(498,15): error TS1127: Invalid character.
src/index.ts(498,17): error TS1127: Invalid character.
src/index.ts(498,19): error TS1127: Invalid character.
src/index.ts(498,21): error TS1127: Invalid character.
src/index.ts(498,23): error TS1127: Invalid character.
src/index.ts(498,25): error TS1127: Invalid character.
src/index.ts(498,27): error TS1127: Invalid character.
src/index.ts(498,29): error TS1127: Invalid character.
src/index.ts(498,31): error TS1127: Invalid character.
src/index.ts(498,32): error TS1128: Declaration or statement expected.
src/index.ts(498,33): error TS1127: Invalid character.
src/index.ts(498,35): error TS1127: Invalid character.
src/index.ts(498,37): error TS1127: Invalid character.
src/index.ts(498,39): error TS1127: Invalid character.
src/index.ts(498,41): error TS1127: Invalid character.
src/index.ts(498,43): error TS1127: Invalid character.
src/index.ts(498,45): error TS1127: Invalid character.
src/index.ts(498,79): error TS1127: Invalid character.
src/index.ts(498,80): error TS1128: Declaration or statement expected.
src/index.ts(498,81): error TS1127: Invalid character.
src/index.ts(498,83): error TS1127: Invalid character.
src/index.ts(498,85): error TS1127: Invalid character.
src/index.ts(498,86): error TS1128: Declaration or statement expected.
src/index.ts(498,87): error TS1127: Invalid character.
src/index.ts(498,89): error TS1127: Invalid character.
src/index.ts(498,91): error TS1127: Invalid character.
src/index.ts(498,93): error TS1127: Invalid character.
src/index.ts(498,95): error TS1127: Invalid character.
src/index.ts(498,97): error TS1127: Invalid character.
src/index.ts(498,99): error TS1127: Invalid character.
src/index.ts(498,101): error TS1127: Invalid character.
src/index.ts(498,102): error TS1128: Declaration or statement expected.
src/index.ts(498,103): error TS1127: Invalid character.
src/index.ts(498,105): error TS1127: Invalid character.
src/index.ts(499,1): error TS1127: Invalid character.
src/index.ts(499,3): error TS1127: Invalid character.
src/index.ts(499,5): error TS1127: Invalid character.
src/index.ts(499,7): error TS1127: Invalid character.
src/index.ts(499,9): error TS1127: Invalid character.
src/index.ts(499,11): error TS1127: Invalid character.
src/index.ts(499,13): error TS1127: Invalid character.
src/index.ts(499,15): error TS1127: Invalid character.
src/index.ts(499,17): error TS1127: Invalid character.
src/index.ts(499,19): error TS1127: Invalid character.
src/index.ts(499,21): error TS1127: Invalid character.
src/index.ts(499,23): error TS1127: Invalid character.
src/index.ts(499,25): error TS1127: Invalid character.
src/index.ts(499,27): error TS1127: Invalid character.
src/index.ts(499,29): error TS1127: Invalid character.
src/index.ts(499,31): error TS1127: Invalid character.
src/index.ts(499,33): error TS1127: Invalid character.
src/index.ts(499,35): error TS1127: Invalid character.
src/index.ts(499,37): error TS1127: Invalid character.
src/index.ts(499,38): error TS1128: Declaration or statement expected.
src/index.ts(499,39): error TS1127: Invalid character.
src/index.ts(499,41): error TS1127: Invalid character.
src/index.ts(499,43): error TS1127: Invalid character.
src/index.ts(499,45): error TS1127: Invalid character.
src/index.ts(499,47): error TS1127: Invalid character.
src/index.ts(499,49): error TS1127: Invalid character.
src/index.ts(499,51): error TS1127: Invalid character.
src/index.ts(499,53): error TS1127: Invalid character.
src/index.ts(499,55): error TS1127: Invalid character.
src/index.ts(499,57): error TS1127: Invalid character.
src/index.ts(499,59): error TS1127: Invalid character.
src/index.ts(499,60): error TS1128: Declaration or statement expected.
src/index.ts(499,61): error TS1127: Invalid character.
src/index.ts(499,62): error TS1128: Declaration or statement expected.
src/index.ts(499,63): error TS1127: Invalid character.
src/index.ts(499,65): error TS1127: Invalid character.
src/index.ts(499,67): error TS1127: Invalid character.
src/index.ts(499,69): error TS1127: Invalid character.
src/index.ts(499,71): error TS1127: Invalid character.
src/index.ts(499,73): error TS1127: Invalid character.
src/index.ts(499,75): error TS1127: Invalid character.
src/index.ts(499,77): error TS1127: Invalid character.
src/index.ts(499,79): error TS1127: Invalid character.
src/index.ts(499,81): error TS1127: Invalid character.
src/index.ts(499,83): error TS1127: Invalid character.
src/index.ts(499,85): error TS1127: Invalid character.
src/index.ts(499,87): error TS1127: Invalid character.
src/index.ts(499,88): error TS1128: Declaration or statement expected.
src/index.ts(499,89): error TS1127: Invalid character.
src/index.ts(499,91): error TS1127: Invalid character.
src/index.ts(499,169): error TS1127: Invalid character.
src/index.ts(499,170): error TS1128: Declaration or statement expected.
src/index.ts(499,171): error TS1127: Invalid character.
src/index.ts(499,173): error TS1127: Invalid character.
src/index.ts(499,175): error TS1127: Invalid character.
src/index.ts(499,177): error TS1127: Invalid character.
src/index.ts(499,179): error TS1127: Invalid character.
src/index.ts(499,181): error TS1127: Invalid character.
src/index.ts(499,183): error TS1127: Invalid character.
src/index.ts(499,185): error TS1127: Invalid character.
src/index.ts(499,187): error TS1127: Invalid character.
src/index.ts(499,188): error TS1128: Declaration or statement expected.
src/index.ts(499,189): error TS1127: Invalid character.
src/index.ts(499,191): error TS1127: Invalid character.
src/index.ts(499,193): error TS1127: Invalid character.
src/index.ts(499,194): error TS1128: Declaration or statement expected.
src/index.ts(499,195): error TS1127: Invalid character.
src/index.ts(499,197): error TS1127: Invalid character.
src/index.ts(499,199): error TS1127: Invalid character.
src/index.ts(499,201): error TS1127: Invalid character.
src/index.ts(499,203): error TS1127: Invalid character.
src/index.ts(499,205): error TS1127: Invalid character.
src/index.ts(499,207): error TS1127: Invalid character.
src/index.ts(499,209): error TS1127: Invalid character.
src/index.ts(499,211): error TS1127: Invalid character.
src/index.ts(499,213): error TS1127: Invalid character.
src/index.ts(499,214): error TS1128: Declaration or statement expected.
src/index.ts(499,215): error TS1127: Invalid character.
src/index.ts(499,217): error TS1127: Invalid character.
src/index.ts(500,1): error TS1127: Invalid character.
src/index.ts(500,3): error TS1127: Invalid character.
src/index.ts(500,5): error TS1127: Invalid character.
src/index.ts(500,7): error TS1127: Invalid character.
src/index.ts(500,9): error TS1127: Invalid character.
src/index.ts(500,11): error TS1127: Invalid character.
src/index.ts(501,1): error TS1127: Invalid character.
src/index.ts(501,3): error TS1127: Invalid character.
src/index.ts(501,4): error TS1128: Declaration or statement expected.
src/index.ts(501,5): error TS1127: Invalid character.
src/index.ts(501,7): error TS1127: Invalid character.
src/index.ts(502,1): error TS1127: Invalid character.
src/index.ts(503,1): error TS1127: Invalid character.
src/index.ts(504,1): error TS1127: Invalid character.
